// Jest Snapshot v1, https://goo.gl/fbAQLP

exports[`Theme System v2 ThemeProvider snapshots renders Light theme correctly 1`] = `
<View
  style={
    {
      "backgroundColor": "#FFFFFF",
      "flex": 1,
    }
  }
  testID="theme-preview-root"
>
  <Text
    style={
      {
        "color": "#111827",
      }
    }
    testID="theme-id"
  >
    light
  </Text>
  <Text
    style={
      {
        "color": "#4B5563",
      }
    }
    testID="theme-mode"
  >
    Mode: 
    system
  </Text>
  <Text
    style={
      {
        "color": "#9CA3AF",
      }
    }
    testID="is-dark"
  >
    Dark: 
    false
  </Text>
  <View
    style={
      {
        "backgroundColor": "#F9FAFB",
        "padding": 16,
      }
    }
    testID="surface-block"
  >
    <View
      style={
        {
          "backgroundColor": "#111827",
          "borderRadius": 8,
          "padding": 12,
        }
      }
      testID="primary-button"
    >
      <Text
        style={
          {
            "color": "#FFFFFF",
          }
        }
      >
        Primary
      </Text>
    </View>
    <View
      style={
        {
          "backgroundColor": "#111827",
          "borderRadius": 999,
          "marginTop": 8,
          "paddingHorizontal": 12,
          "paddingVertical": 6,
        }
      }
      testID="chip-active"
    >
      <Text
        style={
          {
            "color": "#FFFFFF",
          }
        }
      >
        Active Chip
      </Text>
    </View>
    <View
      style={
        {
          "backgroundColor": "#E5E5E5",
          "height": 1,
          "marginTop": 8,
        }
      }
      testID="divider"
    />
    <View
      style={
        {
          "backgroundColor": "#F5F5F5",
          "borderColor": "#E5E7EB",
          "borderRadius": 8,
          "borderWidth": 1,
          "marginTop": 8,
          "padding": 12,
        }
      }
      testID="input"
    >
      <Text
        style={
          {
            "color": "#9CA3AF",
          }
        }
      >
        Placeholder
      </Text>
    </View>
  </View>
  <View
    style={
      {
        "backgroundColor": "#FFFFFF",
        "marginTop": 8,
        "padding": 16,
      }
    }
    testID="qr-container"
  >
    <View
      style={
        {
          "backgroundColor": "#000000",
          "height": 10,
          "width": 10,
        }
      }
      testID="qr-dot"
    />
  </View>
  <View
    style={
      {
        "flexDirection": "row",
        "gap": 8,
        "marginTop": 8,
      }
    }
    testID="status-badges"
  >
    <Text
      style={
        {
          "color": "#10B981",
        }
      }
    >
      ✓
    </Text>
    <Text
      style={
        {
          "color": "#F59E0B",
        }
      }
    >
      ⚠
    </Text>
    <Text
      style={
        {
          "color": "#EF4444",
        }
      }
    >
      ✗
    </Text>
    <Text
      style={
        {
          "color": "#2563EB",
        }
      }
    >
      ℹ
    </Text>
  </View>
</View>
`;
